// Jest Snapshot v1, https://goo.gl/fbAQLP

exports[`EditUserCard component Matches the snapshot 1`] = `
<div
  className="MuiPaper-root MuiCard-root makeStyles-styleCard-3 MuiPaper-elevation1 MuiPaper-rounded"
  data-testid="editUserCard"
>
  <div
    data-testid="input"
  >
    <label
      className="makeStyles-styleLabel-4"
    />
    <div
      className="MuiInputBase-root MuiInput-root MuiInput-underline"
      onClick={[Function]}
    >
      <input
        className="MuiInputBase-input MuiInput-input"
        data-testid="value"
        onAnimationStart={[Function]}
        onBlur={[Function]}
        onChange={[Function]}
        onFocus={[Function]}
        type="text"
      />
    </div>
  </div>
  <div
    data-testid="input"
  >
    <label
      className="makeStyles-styleLabel-4"
    />
    <div
      className="MuiInputBase-root MuiInput-root MuiInput-underline"
      onClick={[Function]}
    >
      <input
        className="MuiInputBase-input MuiInput-input"
        data-testid="value"
        onAnimationStart={[Function]}
        onBlur={[Function]}
        onChange={[Function]}
        onFocus={[Function]}
        type="text"
      />
    </div>
  </div>
  <div
    data-testid="button"
  >
    <button
      className="MuiButtonBase-root MuiButton-root MuiButton-contained MuiButton-containedPrimary"
      disabled={false}
      onBlur={[Function]}
      onDragLeave={[Function]}
      onFocus={[Function]}
      onKeyDown={[Function]}
      onKeyUp={[Function]}
      onMouseDown={[Function]}
      onMouseLeave={[Function]}
      onMouseUp={[Function]}
      onTouchEnd={[Function]}
      onTouchMove={[Function]}
      onTouchStart={[Function]}
      tabIndex={0}
      type="button"
    >
      <span
        className="MuiButton-label"
      />
    </button>
  </div>
</div>
`;
