// Jest Snapshot v1, https://goo.gl/fbAQLP

exports[`Input component Matches the snapshot 1`] = `
<div
  data-testid="input"
>
  <label
    className="makeStyles-styleLabel-1"
  />
  <div
    className="MuiInputBase-root MuiInput-root MuiInput-underline"
    onClick={[Function]}
  >
    <input
      className="MuiInputBase-input MuiInput-input"
      data-testid="value"
      onAnimationStart={[Function]}
      onBlur={[Function]}
      onChange={[Function]}
      onFocus={[Function]}
      type="text"
    />
  </div>
</div>
`;
